INFO: mock.py version 5.5 starting (python version = 3.9.21, NVR = mock-5.5-1.el9), args: /usr/libexec/mock/mock -r epel-9-x86_64 --enable-network --addrepo /opt/awx-rpm-ng/rpmbuilds/30.0.0/RPMS/ --resultdir /opt/awx-rpm-ng/rpmbuilds/30.0.0/RPMS-TMP/ --no-clean /opt/awx-rpm-ng/rpmbuilds/30.0.0/SRPMS/awx-rpm-30.0.0-24.el9.src.rpm --rpmbuild-opts=--nocheck --no-cleanup-after
Start(bootstrap): init plugins
INFO: selinux enabled
Finish(bootstrap): init plugins
Start: init plugins
INFO: selinux enabled
Finish: init plugins
INFO: Signal handler active
Start: run
INFO: Start(/opt/awx-rpm-ng/rpmbuilds/30.0.0/SRPMS/awx-rpm-30.0.0-24.el9.src.rpm)  Config(rhel+epel-9-x86_64)
Mock Version: 5.5
INFO: Mock Version: 5.5
Start(bootstrap): chroot init
INFO: calling preinit hooks
INFO: enabled root cache
INFO: enabled package manager cache
Start(bootstrap): cleaning package manager metadata
Finish(bootstrap): cleaning package manager metadata
INFO: Package manager dnf detected and used (fallback)
Finish(bootstrap): chroot init
Start: chroot init
INFO: calling preinit hooks
INFO: enabled root cache
Start: unpacking root cache
Finish: unpacking root cache
INFO: enabled package manager cache
Start: cleaning package manager metadata
Finish: cleaning package manager metadata
INFO: enabled HW Info plugin
INFO: Package manager dnf detected and used (direct choice)
INFO: Buildroot is handled by package management downloaded with a bootstrap image:
  rpm-4.16.1.3-34.el9.x86_64
  python3-dnf-4.14.0-17.el9.noarch
  python3-dnf-plugins-core-4.3.0-16.el9.noarch
  yum-4.14.0-17.el9.noarch
Finish: chroot init
Start: build phase for awx-rpm-30.0.0-24.el9.src.rpm
Start: build setup for awx-rpm-30.0.0-24.el9.src.rpm
warning: Macro expanded in comment on line 35: %{version}

warning: Macro expanded in comment on line 36: %{version}

warning: Macro expanded in comment on line 37: %{version}

warning: Macro expanded in comment on line 110: %{python3_pkgversion}/site-packages/awx*

warning: Macro expanded in comment on line 111: %{_prefix}

warning: Macro expanded in comment on line 112: %{service_user}, %{service_group}) %{service_homedir}

warning: Macro expanded in comment on line 113: %{service_user}, %{service_group}) %{service_homedir}/venv

warning: Macro expanded in comment on line 114: %{service_homedir}/.tower_version

warning: Macro expanded in comment on line 115: %{service_user}, %{service_group}) %{service_logdir}

warning: Macro expanded in comment on line 116: %{service_configdir}/settings.py

Building target platforms: x86_64
Building for target x86_64
setting SOURCE_DATE_EPOCH=1740960000
Wrote: /builddir/build/SRPMS/awx-rpm-30.0.0-24.el9.src.rpm
No matches found for the following disable plugin patterns: local, spacewalk, versionlock
Updating Subscription Management repositories.
Unable to read consumer identity

This system is not registered with an entitlement server. You can use subscription-manager to register.

/opt/awx-rpm-ng/rpmbuilds/30.0.0/RPMS/           [===                                        ] ---  B/s |   0  B     --:-- ETA/opt/awx-rpm-ng/rpmbuilds/30.0.0/RPMS/                                                         3.0 MB/s | 3.0 kB     00:00    
/opt/awx-rpm-ng/rpmbuilds/30.0.0/RPMS/           [===                                        ] ---  B/s |   0  B     --:-- ETA/opt/awx-rpm-ng/rpmbuilds/30.0.0/RPMS/                                                          40 MB/s | 395 kB     00:00    
Red Hat Enterprise Linux - BaseOS                [   ===                                     ] ---  B/s |   0  B     --:-- ETARed Hat Enterprise Linux - BaseOS                                                               17 kB/s | 4.1 kB     00:00    
Red Hat Enterprise Linux - AppStream             [      ===                                  ] ---  B/s |   0  B     --:-- ETARed Hat Enterprise Linux - AppStream                                                            23 kB/s | 4.5 kB     00:00    
Red Hat Enterprise Linux - CodeReady Linux B     [         ===                               ] ---  B/s |   0  B     --:-- ETARed Hat Enterprise Linux - CodeReady Linux Builder                                              21 kB/s | 4.5 kB     00:00    
Extra Packages for Enterprise Linux 9 - x86_     [            ===                            ] ---  B/s |   0  B     --:-- ETAExtra Packages for Enterprise Linux 9 - x86_     [               ===                         ] ---  B/s |   0  B     --:-- ETAExtra Packages for Enterprise Linux 9 - x86_64                                                  68 kB/s |  44 kB     00:00    
Dependencies resolved.
Nothing to do.
Complete!
Finish: build setup for awx-rpm-30.0.0-24.el9.src.rpm
Start: Outputting list of installed packages
Finish: Outputting list of installed packages
Start: rpmbuild awx-rpm-30.0.0-24.el9.src.rpm
warning: Macro expanded in comment on line 35: %{version}

warning: Macro expanded in comment on line 36: %{version}

warning: Macro expanded in comment on line 37: %{version}

warning: Macro expanded in comment on line 110: %{python3_pkgversion}/site-packages/awx*

warning: Macro expanded in comment on line 111: %{_prefix}

warning: Macro expanded in comment on line 112: %{service_user}, %{service_group}) %{service_homedir}

warning: Macro expanded in comment on line 113: %{service_user}, %{service_group}) %{service_homedir}/venv

warning: Macro expanded in comment on line 114: %{service_homedir}/.tower_version

warning: Macro expanded in comment on line 115: %{service_user}, %{service_group}) %{service_logdir}

warning: Macro expanded in comment on line 116: %{service_configdir}/settings.py

Building target platforms: x86_64
Building for target x86_64
setting SOURCE_DATE_EPOCH=1740960000
Executing(%prep): /bin/sh -e /var/tmp/rpm-tmp.t8wKQp
+ umask 022
+ cd /builddir/build/BUILD
+ RPM_EC=0
++ jobs -p
+ exit 0
Executing(%build): /bin/sh -e /var/tmp/rpm-tmp.VTazWD
+ umask 022
+ cd /builddir/build/BUILD
+ RPM_EC=0
++ jobs -p
+ exit 0
Executing(%install): /bin/sh -e /var/tmp/rpm-tmp.vPO5zp
+ umask 022
+ cd /builddir/build/BUILD
+ '[' /builddir/build/BUILDROOT/awx-rpm-30.0.0-24.el9.x86_64 '!=' / ']'
+ rm -rf /builddir/build/BUILDROOT/awx-rpm-30.0.0-24.el9.x86_64
++ dirname /builddir/build/BUILDROOT/awx-rpm-30.0.0-24.el9.x86_64
+ mkdir -p /builddir/build/BUILDROOT
+ mkdir /builddir/build/BUILDROOT/awx-rpm-30.0.0-24.el9.x86_64
+ mkdir -p /builddir/build/BUILDROOT/awx-rpm-30.0.0-24.el9.x86_64/var/lib/awx/rsyslog
+ mkdir -p /builddir/build/BUILDROOT/awx-rpm-30.0.0-24.el9.x86_64/var/lib/awx/projects
+ mkdir -p /builddir/build/BUILDROOT/awx-rpm-30.0.0-24.el9.x86_64/var/lib/awx/job_status
+ cp /builddir/build/SOURCES/settings.py-30.0.0 /builddir/build/BUILDROOT/awx-rpm-30.0.0-24.el9.x86_64/etc/tower/settings.py
cp: cannot create regular file '/builddir/build/BUILDROOT/awx-rpm-30.0.0-24.el9.x86_64/etc/tower/settings.py': No such file or directory


RPM build errors:
error: Bad exit status from /var/tmp/rpm-tmp.vPO5zp (%install)
    Macro expanded in comment on line 35: %{version}

    Macro expanded in comment on line 36: %{version}

    Macro expanded in comment on line 37: %{version}

    Macro expanded in comment on line 110: %{python3_pkgversion}/site-packages/awx*

    Macro expanded in comment on line 111: %{_prefix}

    Macro expanded in comment on line 112: %{service_user}, %{service_group}) %{service_homedir}

    Macro expanded in comment on line 113: %{service_user}, %{service_group}) %{service_homedir}/venv

    Macro expanded in comment on line 114: %{service_homedir}/.tower_version

    Macro expanded in comment on line 115: %{service_user}, %{service_group}) %{service_logdir}

    Macro expanded in comment on line 116: %{service_configdir}/settings.py

    Bad exit status from /var/tmp/rpm-tmp.vPO5zp (%install)
Finish: rpmbuild awx-rpm-30.0.0-24.el9.src.rpm
Finish: build phase for awx-rpm-30.0.0-24.el9.src.rpm
ERROR: Exception(/opt/awx-rpm-ng/rpmbuilds/30.0.0/SRPMS/awx-rpm-30.0.0-24.el9.src.rpm) Config(rhel+epel-9-x86_64) 0 minutes 5 seconds
INFO: Results and/or logs in: /opt/awx-rpm-ng/rpmbuilds/30.0.0/RPMS-TMP/
ERROR: Command failed: 
 # /usr/bin/systemd-nspawn -q -M 811340c17ce4494db40ec3911f28d7bb -D /var/lib/mock/rhel+epel-9-x86_64/root -a -u mockbuild --capability=cap_ipc_lock --bind=/tmp/mock-resolv.siz3w3i2:/etc/resolv.conf --bind=/dev/mapper/control --bind=/dev/fuse --bind=/dev/loop-control --bind=/dev/loop0 --bind=/dev/loop1 --bind=/dev/loop2 --bind=/dev/loop3 --bind=/dev/loop4 --bind=/dev/loop5 --bind=/dev/loop6 --bind=/dev/loop7 --bind=/dev/loop8 --bind=/dev/loop9 --bind=/dev/loop10 --bind=/dev/loop11 --console=pipe --setenv=TERM=vt100 --setenv=SHELL=/bin/bash --setenv=HOME=/builddir --setenv=HOSTNAME=mock --setenv=PATH=/usr/bin:/bin:/usr/sbin:/sbin '--setenv=PROMPT_COMMAND=printf "\033]0;<mock-chroot>\007"' '--setenv=PS1=<mock-chroot> \s-\v\$ ' --setenv=LANG=C.UTF-8 --resolv-conf=off bash --login -c '/usr/bin/rpmbuild -bb --noclean --target x86_64 --nodeps /builddir/build/SPECS/awx-rpm.spec --nocheck'

Directory walk started
Directory walk done - 363 packages
Temporary output repo path: /opt/awx-rpm-ng/rpmbuilds/30.0.0/RPMS/.repodata/
Preparing sqlite DBs
Pool started (with 5 workers)
Pool finished
