INFO: mock.py version 5.5 starting (python version = 3.9.21, NVR = mock-5.5-1.el9), args: /usr/libexec/mock/mock -r epel-9-x86_64 --enable-network --addrepo /opt/awx-rpm-ng/rpmbuilds/30.0.0/RPMS/ --resultdir /opt/awx-rpm-ng/rpmbuilds/30.0.0/RPMS-TMP/ --no-clean /opt/awx-rpm-ng/rpmbuilds/30.0.0/SRPMS/awx-ui-30.0.0-17.el9.src.rpm --rpmbuild-opts=--nocheck --no-cleanup-after
Start(bootstrap): init plugins
INFO: selinux enabled
Finish(bootstrap): init plugins
Start: init plugins
INFO: selinux enabled
Finish: init plugins
INFO: Signal handler active
Start: run
INFO: Start(/opt/awx-rpm-ng/rpmbuilds/30.0.0/SRPMS/awx-ui-30.0.0-17.el9.src.rpm)  Config(rhel+epel-9-x86_64)
Mock Version: 5.5
INFO: Mock Version: 5.5
Start(bootstrap): chroot init
INFO: calling preinit hooks
INFO: enabled root cache
INFO: enabled package manager cache
Start(bootstrap): cleaning package manager metadata
Finish(bootstrap): cleaning package manager metadata
INFO: Package manager dnf detected and used (fallback)
Finish(bootstrap): chroot init
Start: chroot init
INFO: calling preinit hooks
INFO: enabled root cache
Start: unpacking root cache
Finish: unpacking root cache
INFO: enabled package manager cache
Start: cleaning package manager metadata
Finish: cleaning package manager metadata
INFO: enabled HW Info plugin
INFO: Package manager dnf detected and used (direct choice)
INFO: Buildroot is handled by package management downloaded with a bootstrap image:
  rpm-4.16.1.3-34.el9.x86_64
  python3-dnf-4.14.0-17.el9.noarch
  python3-dnf-plugins-core-4.3.0-16.el9.noarch
  yum-4.14.0-17.el9.noarch
Finish: chroot init
Start: build phase for awx-ui-30.0.0-17.el9.src.rpm
Start: build setup for awx-ui-30.0.0-17.el9.src.rpm
warning: Macro expanded in comment on line 752: %{service_homedir}/.tower_version

Building target platforms: x86_64
Building for target x86_64
setting SOURCE_DATE_EPOCH=1741046400
Wrote: /builddir/build/SRPMS/awx-ui-30.0.0-17.el9.src.rpm
No matches found for the following disable plugin patterns: local, spacewalk, versionlock
Updating Subscription Management repositories.
Unable to read consumer identity

This system is not registered with an entitlement server. You can use subscription-manager to register.

/opt/awx-rpm-ng/rpmbuilds/30.0.0/RPMS/       [===                                     ] ---  B/s |   0  B     --:-- ETA/opt/awx-rpm-ng/rpmbuilds/30.0.0/RPMS/                                                  3.0 MB/s | 3.0 kB     00:00    
/opt/awx-rpm-ng/rpmbuilds/30.0.0/RPMS/       [===                                     ] ---  B/s |   0  B     --:-- ETA/opt/awx-rpm-ng/rpmbuilds/30.0.0/RPMS/                                                   28 MB/s | 444 kB     00:00    
Red Hat Enterprise Linux - BaseOS            [   ===                                  ] ---  B/s |   0  B     --:-- ETARed Hat Enterprise Linux - BaseOS                                                        16 kB/s | 4.1 kB     00:00    
Red Hat Enterprise Linux - AppStream         [      ===                               ] ---  B/s |   0  B     --:-- ETARed Hat Enterprise Linux - AppStream                                                     16 kB/s | 4.5 kB     00:00    
Red Hat Enterprise Linux - CodeReady Lin     [         ===                            ] ---  B/s |   0  B     --:-- ETARed Hat Enterprise Linux - CodeReady Linux Builder                                       17 kB/s | 4.5 kB     00:00    
Extra Packages for Enterprise Linux 9 -      [            ===                         ] ---  B/s |   0  B     --:-- ETAExtra Packages for Enterprise Linux 9 - x86_64                                          446 kB/s |  46 kB     00:00    
Error: 
 Problem: cannot install the best candidate for the job
  - nothing provides python3.11-awx-plugins-core+credentials-aim = 0.0.1~a9 needed by awx-core-30.0.0-8.el9.x86_64 from _opt_awxrpmng_rpmbuilds_3000_RPMS_
  - nothing provides python3.11-awx-plugins-core+credentials-aws-secretsmanager-credential = 0.0.1~a9 needed by awx-core-30.0.0-8.el9.x86_64 from _opt_awxrpmng_rpmbuilds_3000_RPMS_
(try to add '--skip-broken' to skip uninstallable packages or '--nobest' to use not only best candidate packages)
Finish: build setup for awx-ui-30.0.0-17.el9.src.rpm
Finish: build phase for awx-ui-30.0.0-17.el9.src.rpm
ERROR: Exception(/opt/awx-rpm-ng/rpmbuilds/30.0.0/SRPMS/awx-ui-30.0.0-17.el9.src.rpm) Config(rhel+epel-9-x86_64) 0 minutes 23 seconds
INFO: Results and/or logs in: /opt/awx-rpm-ng/rpmbuilds/30.0.0/RPMS-TMP/
ERROR: Command failed: 
 # /usr/bin/systemd-nspawn -q -M 6753a2f058d241a997aa7ad775bd677c -D /var/lib/mock/rhel+epel-9-x86_64-bootstrap/root -a --capability=cap_ipc_lock --bind=/tmp/mock-resolv.ed8olkt2:/etc/resolv.conf --console=pipe --setenv=TERM=vt100 --setenv=SHELL=/bin/bash --setenv=HOME=/var/lib/mock/rhel+epel-9-x86_64/root/installation-homedir --setenv=HOSTNAME=mock --setenv=PATH=/usr/bin:/bin:/usr/sbin:/sbin '--setenv=PROMPT_COMMAND=printf "\033]0;<mock-chroot>\007"' '--setenv=PS1=<mock-chroot> \s-\v\$ ' --setenv=LANG=C.UTF-8 --setenv=LC_MESSAGES=C.UTF-8 --resolv-conf=off /usr/bin/dnf-3 builddep --installroot /var/lib/mock/rhel+epel-9-x86_64/root/ --releasever 9 --setopt=deltarpm=False --setopt=allow_vendor_change=yes --allowerasing --disableplugin=local --disableplugin=spacewalk --disableplugin=versionlock /var/lib/mock/rhel+epel-9-x86_64/root//builddir/build/SRPMS/awx-ui-30.0.0-17.el9.src.rpm --setopt=tsflags=nocontexts
No matches found for the following disable plugin patterns: local, spacewalk, versionlock
Updating Subscription Management repositories.
Unable to read consumer identity

This system is not registered with an entitlement server. You can use subscription-manager to register.

/opt/awx-rpm-ng/rpmbuilds/30.0.0/RPMS/                                                  3.0 MB/s | 3.0 kB     00:00    
/opt/awx-rpm-ng/rpmbuilds/30.0.0/RPMS/                                                   28 MB/s | 444 kB     00:00    
Red Hat Enterprise Linux - BaseOS                                                        16 kB/s | 4.1 kB     00:00    
Red Hat Enterprise Linux - AppStream                                                     16 kB/s | 4.5 kB     00:00    
Red Hat Enterprise Linux - CodeReady Linux Builder                                       17 kB/s | 4.5 kB     00:00    
Extra Packages for Enterprise Linux 9 - x86_64                                          446 kB/s |  46 kB     00:00    
Error: 
 Problem: cannot install the best candidate for the job
  - nothing provides python3.11-awx-plugins-core+credentials-aim = 0.0.1~a9 needed by awx-core-30.0.0-8.el9.x86_64 from _opt_awxrpmng_rpmbuilds_3000_RPMS_
  - nothing provides python3.11-awx-plugins-core+credentials-aws-secretsmanager-credential = 0.0.1~a9 needed by awx-core-30.0.0-8.el9.x86_64 from _opt_awxrpmng_rpmbuilds_3000_RPMS_
(try to add '--skip-broken' to skip uninstallable packages or '--nobest' to use not only best candidate packages)

Directory walk started
Directory walk done - 376 packages
Temporary output repo path: /opt/awx-rpm-ng/rpmbuilds/30.0.0/RPMS/.repodata/
Preparing sqlite DBs
Pool started (with 5 workers)
Pool finished
