INFO: mock.py version 5.5 starting (python version = 3.9.21, NVR = mock-5.5-1.el9), args: /usr/libexec/mock/mock -r epel-9-x86_64 --enable-network --addrepo /opt/awx-rpm-ng/rpmbuilds/30.0.0/RPMS/ --resultdir /opt/awx-rpm-ng/rpmbuilds/30.0.0/RPMS-TMP/ --no-clean /opt/awx-rpm-ng/rpmbuilds/30.0.0/SRPMS/awx-ui-30.0.0-6.el9.src.rpm --rpmbuild-opts=--nocheck --no-cleanup-after
Start(bootstrap): init plugins
INFO: selinux enabled
Finish(bootstrap): init plugins
Start: init plugins
INFO: selinux enabled
Finish: init plugins
INFO: Signal handler active
Start: run
INFO: Start(/opt/awx-rpm-ng/rpmbuilds/30.0.0/SRPMS/awx-ui-30.0.0-6.el9.src.rpm)  Config(rhel+epel-9-x86_64)
Mock Version: 5.5
INFO: Mock Version: 5.5
INFO: Package manager dnf detected and used (fallback)
INFO: Package manager dnf detected and used (direct choice)
INFO: Installed packages:
INFO: alternatives-1.24-1.el9_5.1.x86_64
ansible-srpm-macros-1-16.el9.noarch
audit-libs-3.1.5-1.el9.x86_64
awx-core-30.0.0-4.el9.x86_64
basesystem-11-13.el9.noarch
bash-5.1.8-9.el9.x86_64
binutils-2.35.2-54.el9.x86_64
binutils-gold-2.35.2-54.el9.x86_64
bzip2-1.0.8-10.el9_5.x86_64
bzip2-libs-1.0.8-10.el9_5.x86_64
ca-certificates-2024.2.69_v8.0.303-91.4.el9_4.noarch
coreutils-8.32-36.el9.x86_64
coreutils-common-8.32-36.el9.x86_64
cpio-2.13-16.el9.x86_64
cracklib-2.9.6-27.el9.x86_64
cracklib-dicts-2.9.6-27.el9.x86_64
crypto-policies-20240828-2.git626aa59.el9_5.noarch
curl-7.76.1-31.el9.x86_64
cyrus-sasl-lib-2.1.27-21.el9.x86_64
debugedit-5.0-5.el9.x86_64
diffutils-3.7-12.el9.x86_64
dwz-0.14-3.el9.x86_64
ed-1.14.2-12.el9.x86_64
efi-srpm-macros-6-2.el9_0.noarch
elfutils-0.191-4.el9.x86_64
elfutils-debuginfod-client-0.191-4.el9.x86_64
elfutils-default-yama-scope-0.191-4.el9.noarch
elfutils-libelf-0.191-4.el9.x86_64
elfutils-libs-0.191-4.el9.x86_64
emacs-filesystem-27.2-11.el9_5.1.noarch
epel-rpm-macros-9-15.el9.noarch
expat-2.5.0-3.el9_5.1.x86_64
file-5.39-16.el9.x86_64
file-libs-5.39-16.el9.x86_64
filesystem-3.16-5.el9.x86_64
findutils-4.8.0-7.el9.x86_64
fonts-srpm-macros-2.0.5-7.el9.1.noarch
forge-srpm-macros-0.4.0-1.el9.noarch
fpc-srpm-macros-1.3-7.el9.noarch
gawk-5.1.0-6.el9.x86_64
gdb-minimal-14.2-3.el9.x86_64
gdbm-libs-1.23-1.el9.x86_64
gettext-0.21-8.el9.x86_64
gettext-libs-0.21-8.el9.x86_64
ghc-srpm-macros-1.5.0-6.el9.noarch
ghc-srpm-macros-epel-1.9.1-1.el9.noarch
git-2.43.5-2.el9_5.x86_64
git-core-2.43.5-2.el9_5.x86_64
git-core-doc-2.43.5-2.el9_5.noarch
glibc-2.34-125.el9_5.1.x86_64
glibc-common-2.34-125.el9_5.1.x86_64
glibc-gconv-extra-2.34-125.el9_5.1.x86_64
glibc-minimal-langpack-2.34-125.el9_5.1.x86_64
gmp-6.2.0-13.el9.x86_64
go-srpm-macros-3.6.0-3.el9.noarch
go-srpm-macros-epel-3.6.0.1-1.el9.noarch
gpg-pubkey-3228467c-613798eb
gpg-pubkey-5a6340b3-6229229e
gpg-pubkey-fd431d51-4ae0493b
grep-3.6-5.el9.x86_64
groff-base-1.22.4-10.el9.x86_64
gzip-1.12-1.el9.x86_64
info-6.7-15.el9.x86_64
kernel-srpm-macros-1.0-13.el9.noarch
keyutils-libs-1.6.3-1.el9.x86_64
krb5-libs-1.21.1-4.el9_5.x86_64
less-590-5.el9.x86_64
libacl-2.3.1-4.el9.x86_64
libarchive-3.5.3-4.el9.x86_64
libattr-2.5.1-3.el9.x86_64
libblkid-2.37.4-20.el9.x86_64
libbrotli-1.0.9-7.el9_5.x86_64
libcap-2.48-9.el9_2.x86_64
libcap-ng-0.8.2-7.el9.x86_64
libcbor-0.7.0-5.el9.x86_64
libcom_err-1.46.5-5.el9.x86_64
libcurl-7.76.1-31.el9.x86_64
libdb-5.3.28-54.el9.x86_64
libeconf-0.4.1-4.el9.x86_64
libedit-3.1-38.20210216cvs.el9.x86_64
libevent-2.1.12-8.el9_4.x86_64
libfdisk-2.37.4-20.el9.x86_64
libffi-3.4.2-8.el9.x86_64
libfido2-1.13.0-2.el9.x86_64
libgcc-11.5.0-5.el9_5.x86_64
libgcrypt-1.10.0-11.el9.x86_64
libgomp-11.5.0-5.el9_5.x86_64
libgpg-error-1.42-5.el9.x86_64
libidn2-2.3.0-7.el9.x86_64
libmount-2.37.4-20.el9.x86_64
libnghttp2-1.43.0-6.el9.x86_64
libnsl2-2.0.0-1.el9.x86_64
libpkgconf-1.7.3-10.el9.x86_64
libpq-13.20-1.el9_5.x86_64
libpq-devel-13.20-1.el9_5.x86_64
libpsl-0.21.1-5.el9.x86_64
libpwquality-1.4.4-8.el9.x86_64
libselinux-3.6-1.el9.x86_64
libsemanage-3.6-2.1.el9_5.x86_64
libsepol-3.6-1.el9.x86_64
libsigsegv-2.13-4.el9.x86_64
libsmartcols-2.37.4-20.el9.x86_64
libssh-0.10.4-13.el9.x86_64
libssh-config-0.10.4-13.el9.noarch
libstdc++-11.5.0-5.el9_5.x86_64
libtasn1-4.16.0-8.el9_1.x86_64
libtirpc-1.3.3-9.el9.x86_64
libtool-ltdl-2.4.6-46.el9.x86_64
libunistring-0.9.10-15.el9.x86_64
libutempter-1.2.1-6.el9.x86_64
libuuid-2.37.4-20.el9.x86_64
libverto-0.3.2-3.el9.x86_64
libxcrypt-4.4.18-3.el9.x86_64
libxml2-2.9.13-6.el9_5.1.x86_64
libxslt-1.1.34-9.el9.x86_64
libzstd-1.5.1-2.el9.x86_64
lua-libs-5.4.4-4.el9.x86_64
lua-srpm-macros-1-6.el9.noarch
lz4-libs-1.9.3-5.el9.x86_64
make-4.3-8.el9.x86_64
mpdecimal-2.5.1-3.el9.x86_64
mpfr-4.1.0-7.el9.x86_64
ncurses-6.2-10.20210508.el9.x86_64
ncurses-base-6.2-10.20210508.el9.noarch
ncurses-libs-6.2-10.20210508.el9.x86_64
nodejs-18.20.6-1.module+el9.5.0+22773+9a359385.x86_64
npm-10.8.2-1.18.20.6.1.module+el9.5.0+22773+9a359385.x86_64
ocaml-srpm-macros-6-6.el9.noarch
openblas-srpm-macros-2-11.el9.noarch
openldap-2.6.6-3.el9.x86_64
openssh-8.7p1-43.el9.x86_64
openssh-clients-8.7p1-43.el9.x86_64
openssl-3.2.2-6.el9_5.1.x86_64
openssl-fips-provider-3.0.7-6.el9_5.x86_64
openssl-fips-provider-so-3.0.7-6.el9_5.x86_64
openssl-libs-3.2.2-6.el9_5.1.x86_64
p11-kit-0.25.3-3.el9_5.x86_64
p11-kit-trust-0.25.3-3.el9_5.x86_64
pam-1.5.1-22.el9_5.x86_64
patch-2.7.6-16.el9.x86_64
pcre-8.44-4.el9.x86_64
pcre2-10.40-6.el9.x86_64
pcre2-syntax-10.40-6.el9.noarch
perl-AutoLoader-5.74-481.el9.noarch
perl-B-1.80-481.el9.x86_64
perl-Carp-1.50-460.el9.noarch
perl-Class-Struct-0.66-481.el9.noarch
perl-Data-Dumper-2.174-462.el9.x86_64
perl-Digest-1.19-4.el9.noarch
perl-Digest-MD5-2.58-4.el9.x86_64
perl-DynaLoader-1.47-481.el9.x86_64
perl-Encode-3.08-462.el9.x86_64
perl-Errno-1.30-481.el9.x86_64
perl-Error-0.17029-7.el9.noarch
perl-Exporter-5.74-461.el9.noarch
perl-Fcntl-1.13-481.el9.x86_64
perl-File-Basename-2.85-481.el9.noarch
perl-File-Find-1.37-481.el9.noarch
perl-File-Path-2.18-4.el9.noarch
perl-File-Temp-0.231.100-4.el9.noarch
perl-File-stat-1.09-481.el9.noarch
perl-FileHandle-2.03-481.el9.noarch
perl-Getopt-Long-2.52-4.el9.noarch
perl-Getopt-Std-1.12-481.el9.noarch
perl-Git-2.43.5-2.el9_5.noarch
perl-HTTP-Tiny-0.076-462.el9.noarch
perl-IO-1.43-481.el9.x86_64
perl-IO-Socket-IP-0.41-5.el9.noarch
perl-IO-Socket-SSL-2.073-2.el9.noarch
perl-IPC-Open3-1.21-481.el9.noarch
perl-MIME-Base64-3.16-4.el9.x86_64
perl-Mozilla-CA-20200520-6.el9.noarch
perl-Net-SSLeay-1.94-1.el9.x86_64
perl-POSIX-1.94-481.el9.x86_64
perl-PathTools-3.78-461.el9.x86_64
perl-Pod-Escapes-1.07-460.el9.noarch
perl-Pod-Perldoc-3.28.01-461.el9.noarch
perl-Pod-Simple-3.42-4.el9.noarch
perl-Pod-Usage-2.01-4.el9.noarch
perl-Scalar-List-Utils-1.56-462.el9.x86_64
perl-SelectSaver-1.02-481.el9.noarch
perl-Socket-2.031-4.el9.x86_64
perl-Storable-3.21-460.el9.x86_64
perl-Symbol-1.08-481.el9.noarch
perl-Term-ANSIColor-5.01-461.el9.noarch
perl-Term-Cap-1.17-460.el9.noarch
perl-TermReadKey-2.38-11.el9.x86_64
perl-Text-ParseWords-3.30-460.el9.noarch
perl-Text-Tabs+Wrap-2013.0523-460.el9.noarch
perl-Time-Local-1.300-7.el9.noarch
perl-URI-5.09-3.el9.noarch
perl-base-2.27-481.el9.noarch
perl-constant-1.33-461.el9.noarch
perl-if-0.60.800-481.el9.noarch
perl-interpreter-5.32.1-481.el9.x86_64
perl-lib-0.65-481.el9.x86_64
perl-libnet-3.13-4.el9.noarch
perl-libs-5.32.1-481.el9.x86_64
perl-mro-1.23-481.el9.x86_64
perl-overload-1.31-481.el9.noarch
perl-overloading-0.02-481.el9.noarch
perl-parent-0.238-460.el9.noarch
perl-podlators-4.14-460.el9.noarch
perl-srpm-macros-1-41.el9.noarch
perl-subs-1.03-481.el9.noarch
perl-vars-1.05-481.el9.noarch
pkgconf-1.7.3-10.el9.x86_64
pkgconf-m4-1.7.3-10.el9.noarch
pkgconf-pkg-config-1.7.3-10.el9.x86_64
popt-1.18-8.el9.x86_64
publicsuffix-list-dafsa-20210518-3.el9.noarch
pyproject-rpm-macros-1.12.0-1.el9.noarch
pyproject-srpm-macros-1.12.0-1.el9.noarch
python-rpm-macros-3.9-54.el9.noarch
python-srpm-macros-3.9-54.el9.noarch
python3-3.9.21-1.el9_5.x86_64
python3-libs-3.9.21-1.el9_5.x86_64
python3-packaging-20.9-5.el9.noarch
python3-pip-wheel-21.3.1-1.el9.noarch
python3-pyparsing-2.4.7-9.el9.noarch
python3-rpm-generators-12-9.el9.noarch
python3-rpm-macros-3.9-54.el9.noarch
python3-setuptools-wheel-53.0.0-13.el9.noarch
python3.11-3.11.9-7.el9_5.2.x86_64
python3.11-adal-1.2.7-1.el9.noarch
python3.11-aiodns-3.2.0-1.el9.noarch
python3.11-aiohappyeyeballs-2.4.4-1.el9.noarch
python3.11-aiohttp+speedups-3.11.11-1.el9.x86_64
python3.11-aiohttp-3.11.11-1.el9.x86_64
python3.11-aiohttp-retry-2.8.3-1.el9.noarch
python3.11-aiosignal-1.3.2-1.el9.noarch
python3.11-ansi2html-1.9.2-1.el9.noarch
python3.11-ansible-builder-3.1.0-1.el9.noarch
python3.11-anyio-4.8.0-1.el9.noarch
python3.11-argon2-cffi-23.1.0-1.el9.noarch
python3.11-argon2-cffi-bindings-21.2.0-1.el9.x86_64
python3.11-asciichartpy-1.5.25-1.el9.noarch
python3.11-asgiref-3.8.1-1.el9.noarch
python3.11-asn1-2.7.1-1.el9.noarch
python3.11-async-timeout-5.0.1-1.el9.noarch
python3.11-attrs-24.3.0-1.el9.noarch
python3.11-autobahn-24.4.2-1.el9.noarch
python3.11-autocommand-2.2.2-1.el9.noarch
python3.11-automat-24.8.1-1.el9.noarch
python3.11-awscrt-0.22.4-1.el9.x86_64
python3.11-azure-core+aio-1.32.0-1.el9.noarch
python3.11-azure-core-1.32.0-1.el9.noarch
python3.11-azure-identity-1.19.0-1.el9.noarch
python3.11-azure-keyvault-4.2.0-1.el9.noarch
python3.11-azure-keyvault-certificates-4.9.0-1.el9.noarch
python3.11-azure-keyvault-keys-4.10.0-1.el9.noarch
python3.11-azure-keyvault-secrets-4.9.0-1.el9.noarch
python3.11-babel-2.17.0-1.el9.noarch
python3.11-backports-tarfile-1.2.0-1.el9.noarch
python3.11-bcrypt+tests-4.2.1-1.el9.x86_64
python3.11-bcrypt+typecheck-4.2.1-1.el9.x86_64
python3.11-bcrypt-4.2.1-1.el9.x86_64
python3.11-bindep-2.12.0-1.el9.noarch
python3.11-blinker-1.9.0-1.el9.noarch
python3.11-boto3+crt-1.35.96-1.el9.noarch
python3.11-boto3-1.35.96-1.el9.noarch
python3.11-botocore+crt-1.35.96-1.el9.noarch
python3.11-botocore-1.35.96-1.el9.noarch
python3.11-brotli-1.1.0-1.el9.x86_64
python3.11-build-1.2.2^post1-1.el9.noarch
python3.11-cachecontrol+filecache-0.14.2-1.el9.noarch
python3.11-cachecontrol-0.14.2-1.el9.noarch
python3.11-cachetools-5.5.0-1.el9.noarch
python3.11-calver-2022.6.26-1.el9.noarch
python3.11-certifi-2025.1.31-1.el9.noarch
python3.11-cffi-1.17.1-1.el9.x86_64
python3.11-changelog-chug-0.0.3-1.el9.noarch
python3.11-channels-4.2.0-1.el9.noarch
python3.11-channels-redis-4.2.1-1.el9.noarch
python3.11-chardet-5.2.0-1.el9.noarch
python3.11-charset-normalizer-3.4.1-1.el9.x86_64
python3.11-cleo-2.1.0-1.el9.noarch
python3.11-click-8.1.8-1.el9.noarch
python3.11-constantly-23.10.4-1.el9.noarch
python3.11-crashtest-0.4.1-1.el9.noarch
python3.11-cryptography-41.0.7-1.el9.x86_64
python3.11-cython-3.0.11-1.el9.x86_64
python3.11-daphne-4.1.2-1.el9.noarch
python3.11-deprecated-1.2.15-1.el9.noarch
python3.11-devel-3.11.9-7.el9_5.2.x86_64
python3.11-distlib-0.3.9-1.el9.noarch
python3.11-distro-1.9.0-1.el9.noarch
python3.11-django+argon2-4.2.16-1.el9.noarch
python3.11-django+bcrypt-4.2.16-1.el9.noarch
python3.11-django-4.2.16-1.el9.noarch
python3.11-django-ansible-base-20250131-1.el9.noarch
python3.11-django-cors-headers-4.6.0-1.el9.noarch
python3.11-django-crum-0.7.9-1.el9.noarch
python3.11-django-extensions-3.2.3-1.el9.noarch
python3.11-django-flags-5.0.13-1.el9.noarch
python3.11-django-guid-3.5.0-1.el9.noarch
python3.11-django-oauth-toolkit-1.7.1-1.el9.noarch
python3.11-django-polymorphic-3.1.0-1.el9.noarch
python3.11-django-solo-2.4.0-1.el9.noarch
python3.11-django-split-settings-1.3.2-1.el9.noarch
python3.11-djangorestframework-3.15.2-1.el9.noarch
python3.11-djangorestframework-yaml-2.0.0-1.el9.noarch
python3.11-docutils-0.21.2-1.el9.noarch
python3.11-dulwich-0.22.7-1.el9.x86_64
python3.11-durationpy-0.9-1.el9.noarch
python3.11-enum-compat-0.0.3-1.el9.noarch
python3.11-expandvars-0.12.0-1.el9.noarch
python3.11-fastjsonschema-2.21.1-1.el9.noarch
python3.11-filelock-3.16.1-1.el9.noarch
python3.11-findpython-0.6.2-1.el9.noarch
python3.11-frozenlist-1.5.0-1.el9.x86_64
python3.11-gitdb-4.0.12-1.el9.noarch
python3.11-gitpython-3.1.44-1.el9.noarch
python3.11-google-auth+aiohttp-2.37.0-1.el9.noarch
python3.11-google-auth+enterprise-cert-2.37.0-1.el9.noarch
python3.11-google-auth+pyjwt-2.37.0-1.el9.noarch
python3.11-google-auth+pyopenssl-2.37.0-1.el9.noarch
python3.11-google-auth+reauth-2.37.0-1.el9.noarch
python3.11-google-auth+requests-2.37.0-1.el9.noarch
python3.11-google-auth-2.37.0-1.el9.noarch
python3.11-googleapis-common-protos+grpc-1.66.0-1.el9.noarch
python3.11-googleapis-common-protos-1.66.0-1.el9.noarch
python3.11-graphviz-0.20.3-1.el9.noarch
python3.11-grpcio-1.70.0-1.el9.x86_64
python3.11-h11-0.14.0-1.el9.noarch
python3.11-h2-4.2.0-1.el9.noarch
python3.11-hatch-1.14.0-1.el9.noarch
python3.11-hatch-fancy-pypi-readme-24.1.0-1.el9.noarch
python3.11-hatch-vcs-0.4.0-1.el9.noarch
python3.11-hatchling-1.27.0-1.el9.noarch
python3.11-hiredis-3.1.0-1.el9.x86_64
python3.11-hpack-4.1.0-1.el9.noarch
python3.11-httpcore-1.0.7-1.el9.noarch
python3.11-httpx-0.28.1-1.el9.noarch
python3.11-hyperframe-6.1.0-1.el9.noarch
python3.11-hyperlink-21.0.0-1.el9.noarch
python3.11-id-1.5.0-1.el9.noarch
python3.11-idna-3.10-1.el9.noarch
python3.11-importlib-metadata-8.5.0-1.el9.noarch
python3.11-importlib-resources-6.5.2-1.el9.noarch
python3.11-incremental+scripts-24.7.2-1.el9.noarch
python3.11-incremental-24.7.2-1.el9.noarch
python3.11-inflection-0.5.1-1.el9.noarch
python3.11-iniconfig-1.1.1-2.el9.noarch
python3.11-installer-0.7.0-1.el9.noarch
python3.11-irc-20.5.0-1.el9.noarch
python3.11-isodate-0.7.2-1.el9.noarch
python3.11-jaraco-classes-3.4.0-1.el9.noarch
python3.11-jaraco-collections-5.1.0-1.el9.noarch
python3.11-jaraco-context-6.0.1-1.el9.noarch
python3.11-jaraco-functools-4.1.0-1.el9.noarch
python3.11-jaraco-logging-3.3.0-1.el9.noarch
python3.11-jaraco-stream-3.0.4-1.el9.noarch
python3.11-jaraco-text-4.0.0-1.el9.noarch
python3.11-jeepney-0.8.0-1.el9.noarch
python3.11-jinja2+i18n-3.1.5-1.el9.noarch
python3.11-jinja2-3.1.5-1.el9.noarch
python3.11-jmespath-1.0.1-1.el9.noarch
python3.11-json-log-formatter-1.1-1.el9.noarch
python3.11-jsonschema-4.23.0-1.el9.noarch
python3.11-jsonschema-specifications-2024.10.1-1.el9.noarch
python3.11-jwcrypto-1.5.6-1.el9.noarch
python3.11-keyring-25.6.0-1.el9.noarch
python3.11-kubernetes+adal-31.0.0-1.el9.noarch
python3.11-kubernetes-31.0.0-1.el9.noarch
python3.11-libs-3.11.9-7.el9_5.2.x86_64
python3.11-lockfile-0.12.2-1.el9.noarch
python3.11-lxml-4.9.2-4.el9.x86_64
python3.11-markdown-3.7-1.el9.noarch
python3.11-markdown-it-py-3.0.0-1.el9.noarch
python3.11-markupsafe-3.0.2-1.el9.x86_64
python3.11-maturin-1.7.8-1.el9.x86_64
python3.11-mdurl-0.1.2-1.el9.noarch
python3.11-more-itertools-10.5.0-1.el9.noarch
python3.11-msal+broker-1.31.1-1.el9.noarch
python3.11-msal-1.31.1-1.el9.noarch
python3.11-msal-extensions-1.2.0-1.el9.noarch
python3.11-msgpack-1.1.0-1.el9.x86_64
python3.11-msrest+async-0.7.1-1.el9.noarch
python3.11-msrest-0.7.1-1.el9.noarch
python3.11-msrestazure-0.6.4^post1-1.el9.noarch
python3.11-multidict-6.1.0-1.el9.x86_64
python3.11-mypy+dmypy-1.14.1-1.el9.x86_64
python3.11-mypy+faster-cache-1.14.1-1.el9.x86_64
python3.11-mypy+install-types-1.14.1-1.el9.x86_64
python3.11-mypy+mypyc-1.14.1-1.el9.x86_64
python3.11-mypy+reports-1.14.1-1.el9.x86_64
python3.11-mypy-1.14.1-1.el9.x86_64
python3.11-mypy-extensions-1.0.0-1.el9.noarch
python3.11-nh3-0.2.20-1.el9.x86_64
python3.11-oauthlib+rsa-3.2.2-1.el9.noarch
python3.11-oauthlib+signals-3.2.2-1.el9.noarch
python3.11-oauthlib+signedtoken-3.2.2-1.el9.noarch
python3.11-oauthlib-3.2.2-1.el9.noarch
python3.11-openshift-0.13.2-1.el9.noarch
python3.11-opentelemetry-api-1.29.0-1.el9.noarch
python3.11-opentelemetry-exporter-otlp-1.29.0-1.el9.noarch
python3.11-opentelemetry-exporter-otlp-proto-common-1.29.0-1.el9.noarch
python3.11-opentelemetry-exporter-otlp-proto-grpc-1.29.0-1.el9.noarch
python3.11-opentelemetry-exporter-otlp-proto-http-1.29.0-1.el9.noarch
python3.11-opentelemetry-instrumentation-0.50~b0-1.el9.noarch
python3.11-opentelemetry-instrumentation-logging-0.50~b0-1.el9.noarch
python3.11-opentelemetry-proto-1.29.0-1.el9.noarch
python3.11-opentelemetry-sdk-1.29.0-1.el9.noarch
python3.11-opentelemetry-semantic-conventions-0.50~b0-1.el9.noarch
python3.11-orjson-3.10.13-1.el9.x86_64
python3.11-packaging-24.2-1.el9.noarch
python3.11-parsley-1.3-1.el9.noarch
python3.11-pathspec-0.12.1-1.el9.noarch
python3.11-pbr-6.1.0-1.el9.noarch
python3.11-pbs-installer+all-2025.2.12-1.el9.noarch
python3.11-pbs-installer+download-2025.2.12-1.el9.noarch
python3.11-pbs-installer+install-2025.2.12-1.el9.noarch
python3.11-pbs-installer-2025.2.12-1.el9.noarch
python3.11-pdm-backend-2.4.3-1.el9.noarch
python3.11-pexpect-4.9.0-1.el9.noarch
python3.11-pip-22.3.1-5.el9.noarch
python3.11-pip-wheel-22.3.1-5.el9.noarch
python3.11-pkgconfig-1.5.5-1.el9.noarch
python3.11-pkginfo-1.12.1.2-1.el9.noarch
python3.11-platformdirs-4.3.6-1.el9.noarch
python3.11-pluggy-1.0.0-2.el9.noarch
python3.11-portalocker-2.10.1-1.el9.noarch
python3.11-priority-1.3.0-1.el9.noarch
python3.11-prometheus-client+twisted-0.21.1-1.el9.noarch
python3.11-prometheus-client-0.21.1-1.el9.noarch
python3.11-propcache-0.2.1-1.el9.x86_64
python3.11-protobuf-5.29.3-1.el9.x86_64
python3.11-psutil-6.1.1-1.el9.x86_64
python3.11-psycopg-3.2.3-1.el9.noarch
python3.11-ptyprocess-0.7.0-1.el9.noarch
python3.11-pyasn1-0.5.1-1.el9.noarch
python3.11-pyasn1-modules-0.5.1-1.el9.noarch
python3.11-pycares+idna-4.5.0-1.el9.x86_64
python3.11-pycares-4.5.0-1.el9.x86_64
python3.11-pycparser-2.22-1.el9.noarch
python3.11-pygerduty-0.38.3-1.el9.noarch
python3.11-pygments-2.19.1-1.el9.noarch
python3.11-pyjwt+crypto-2.10.1-1.el9.noarch
python3.11-pyjwt-2.10.1-1.el9.noarch
python3.11-pyopenssl-24.3.0-1.el9.noarch
python3.11-pyparsing-2.4.6-1.el9.noarch
python3.11-pyproject-hooks-1.2.0-1.el9.noarch
python3.11-pysocks-1.7.1-1.el9.noarch
python3.11-pytest-7.2.0-1.el9.noarch
python3.11-python-daemon-3.1.2-1.el9.noarch
python3.11-python-dateutil-2.9.0^post0-1.el9.noarch
python3.11-python-dsv-sdk-1.0.4-1.el9.noarch
python3.11-python-string-utils-1.0.0-1.el9.noarch
python3.11-pytz-2024.2-1.el9.noarch
python3.11-pyu2f-0.1.5-1.el9.noarch
python3.11-pyyaml-6.0.2-1.el9.x86_64
python3.11-pyzstd-0.16.2-1.el9.x86_64
python3.11-rapidfuzz-3.9.3-1.el9.x86_64
python3.11-readme-renderer-44.0-1.el9.noarch
python3.11-receptorctl-1.5.2-1.el9.noarch
python3.11-redis-5.2.1-1.el9.noarch
python3.11-referencing-0.35.1-1.el9.noarch
python3.11-requests+socks-2.32.3-1.el9.noarch
python3.11-requests+use-chardet-on-py3-2.32.3-1.el9.noarch
python3.11-requests-2.32.3-1.el9.noarch
python3.11-requests-oauthlib+rsa-2.0.0-1.el9.noarch
python3.11-requests-oauthlib-2.0.0-1.el9.noarch
python3.11-requests-toolbelt-1.0.0-1.el9.noarch
python3.11-rfc3986-2.0.0-1.el9.noarch
python3.11-rich-13.9.4-1.el9.noarch
python3.11-rpds-py-0.22.3-1.el9.x86_64
python3.11-rsa-4.9-1.el9.noarch
python3.11-s3transfer+crt-0.10.4-1.el9.noarch
python3.11-s3transfer-0.10.4-1.el9.noarch
python3.11-scikit-build-0.17.6-1.el9.noarch
python3.11-secretstorage-3.3.3-1.el9.noarch
python3.11-semantic-version-2.10.0-1.el9.noarch
python3.11-semver-3.0.4-1.el9.noarch
python3.11-service-identity-24.2.0-1.el9.noarch
python3.11-setuptools-75.8.0-1.el9.noarch
python3.11-setuptools-rust-1.10.2-1.el9.noarch
python3.11-setuptools-twine-0.1.3-1.el9.noarch
python3.11-setuptools-wheel-65.5.1-3.el9.noarch
python3.11-setuptools_scm+toml-8.1.0-1.el9.noarch
python3.11-setuptools_scm-8.1.0-1.el9.noarch
python3.11-shellingham-1.5.4-1.el9.noarch
python3.11-six-1.17.0-1.el9.noarch
python3.11-slack-sdk-3.34.0-1.el9.noarch
python3.11-smmap-5.0.2-1.el9.noarch
python3.11-sniffio-1.3.1-1.el9.noarch
python3.11-sqlparse-0.5.3-1.el9.noarch
python3.11-tempora-5.8.0-1.el9.noarch
python3.11-tomli-w-1.2.0-1.el9.noarch
python3.11-tomlkit-0.13.2-1.el9.noarch
python3.11-trove-classifiers-2025.1.15.22-1.el9.noarch
python3.11-twilio-9.4.2-1.el9.noarch
python3.11-twine-6.1.0-1.el9.noarch
python3.11-twisted+http2-24.11.0-1.el9.noarch
python3.11-twisted+tls-24.11.0-1.el9.noarch
python3.11-twisted-24.11.0-1.el9.noarch
python3.11-txaio-23.1.1-1.el9.noarch
python3.11-types-psutil-7.0.0.20250218-1.el9.noarch
python3.11-types-setuptools-75.8.0.20250210-1.el9.noarch
python3.11-typing-extensions-4.12.2-1.el9.noarch
python3.11-urllib3+brotli-2.3.0-1.el9.noarch
python3.11-urllib3+h2-2.3.0-1.el9.noarch
python3.11-urllib3+socks-2.3.0-1.el9.noarch
python3.11-urllib3+zstd-2.3.0-1.el9.noarch
python3.11-urllib3-2.3.0-1.el9.noarch
python3.11-userpath-1.9.2-1.el9.noarch
python3.11-uv-0.2.30-1.el9.x86_64
python3.11-uwsgi-2.0.26-1.el9.x86_64
python3.11-uwsgitop-0.12-1.el9.noarch
python3.11-versioneer+toml-0.29-1.el9.noarch
python3.11-versioneer-0.29-1.el9.noarch
python3.11-virtualenv-20.29.2-1.el9.noarch
python3.11-websocket-client-1.8.0-1.el9.noarch
python3.11-wheel-0.45.1-1.el9.noarch
python3.11-wrapt-1.17.0-1.el9.x86_64
python3.11-yarl-1.18.3-1.el9.x86_64
python3.11-zipp-3.21.0-1.el9.noarch
python3.11-zope-interface-7.2-1.el9.x86_64
python3.11-zstandard-0.23.0-1.el9.x86_64
qt5-srpm-macros-5.15.9-1.el9.noarch
qt6-srpm-macros-6.6.2-1.el9.noarch
readline-8.1-4.el9.x86_64
redhat-release-9.5-0.6.el9.x86_64
redhat-rpm-config-208-1.el9.noarch
rpm-4.16.1.3-34.el9.x86_64
rpm-build-4.16.1.3-34.el9.x86_64
rpm-build-libs-4.16.1.3-34.el9.x86_64
rpm-libs-4.16.1.3-34.el9.x86_64
rpmautospec-rpm-macros-0.7.3-1.el9.noarch
rsync-3.2.3-20.el9_5.1.x86_64
rust-srpm-macros-17-4.el9.noarch
rust-srpm-macros-epel-26.3-1.el9.noarch
sed-4.8-9.el9.x86_64
setup-2.13.7-10.el9.noarch
shadow-utils-4.9-10.el9_5.x86_64
sqlite-libs-3.34.1-7.el9_3.x86_64
systemd-libs-252-46.el9_5.2.x86_64
tar-1.34-7.el9.x86_64
tzdata-2025a-1.el9.noarch
unzip-6.0-57.el9.x86_64
util-linux-2.37.4-20.el9.x86_64
util-linux-core-2.37.4-20.el9.x86_64
which-2.21-29.el9.x86_64
xmlsec1-1.2.29-13.el9.x86_64
xmlsec1-openssl-1.2.29-13.el9.x86_64
xz-5.2.5-8.el9_0.x86_64
xz-libs-5.2.5-8.el9_0.x86_64
zip-3.0-35.el9.x86_64
zlib-1.2.11-40.el9.x86_64
zstd-1.5.1-2.el9.x86_64
Start: build phase for awx-ui-30.0.0-6.el9.src.rpm
Start: build setup for awx-ui-30.0.0-6.el9.src.rpm
Finish: build setup for awx-ui-30.0.0-6.el9.src.rpm
Finish: build phase for awx-ui-30.0.0-6.el9.src.rpm
ERROR: Exception(/opt/awx-rpm-ng/rpmbuilds/30.0.0/SRPMS/awx-ui-30.0.0-6.el9.src.rpm) Config(rhel+epel-9-x86_64) 0 minutes 0 seconds
INFO: Results and/or logs in: /opt/awx-rpm-ng/rpmbuilds/30.0.0/RPMS-TMP/
ERROR: Source RPM is not installable:
Directory tree /var/lib/mock/rhel+epel-9-x86_64/root is currently busy.

Directory walk started
Directory walk done - 332 packages
Temporary output repo path: /opt/awx-rpm-ng/rpmbuilds/30.0.0/RPMS/.repodata/
Preparing sqlite DBs
Pool started (with 5 workers)
Pool finished
