INFO: mock.py version 5.5 starting (python version = 3.9.21, NVR = mock-5.5-1.el9), args: /usr/libexec/mock/mock -r epel-9-x86_64 --enable-network --addrepo /opt/awx-rpm-v2/rpmbuilds/30.0.0/RPMS/ --resultdir /opt/awx-rpm-v2/rpmbuilds/30.0.0/RPMS-TMP/ --no-clean /opt/awx-rpm-v2/rpmbuilds/30.0.0/SRPMS/awx-rpm-30.0.0-42.el9.src.rpm --rpmbuild-opts=--nocheck --no-cleanup-after
Start(bootstrap): init plugins
INFO: selinux enabled
Finish(bootstrap): init plugins
Start: init plugins
INFO: selinux enabled
Finish: init plugins
INFO: Signal handler active
Start: run
INFO: Start(/opt/awx-rpm-v2/rpmbuilds/30.0.0/SRPMS/awx-rpm-30.0.0-42.el9.src.rpm)  Config(rhel+epel-9-x86_64)
Mock Version: 5.5
INFO: Mock Version: 5.5
Start(bootstrap): chroot init
INFO: calling preinit hooks
INFO: enabled root cache
INFO: enabled package manager cache
Start(bootstrap): cleaning package manager metadata
Finish(bootstrap): cleaning package manager metadata
INFO: Package manager dnf detected and used (fallback)
Finish(bootstrap): chroot init
Start: chroot init
INFO: calling preinit hooks
INFO: enabled root cache
Start: unpacking root cache
Finish: unpacking root cache
INFO: enabled package manager cache
Start: cleaning package manager metadata
Finish: cleaning package manager metadata
INFO: enabled HW Info plugin
INFO: Package manager dnf detected and used (direct choice)
INFO: Buildroot is handled by package management downloaded with a bootstrap image:
  rpm-4.16.1.3-34.el9.x86_64
  python3-dnf-4.14.0-17.el9.noarch
  python3-dnf-plugins-core-4.3.0-16.el9.noarch
  yum-4.14.0-17.el9.noarch
Finish: chroot init
Start: build phase for awx-rpm-30.0.0-42.el9.src.rpm
Start: build setup for awx-rpm-30.0.0-42.el9.src.rpm
warning: Macro expanded in comment on line 35: %{version}

warning: Macro expanded in comment on line 36: %{version}

warning: Macro expanded in comment on line 37: %{version}

warning: Macro expanded in comment on line 475: %{python3_pkgversion}/site-packages/awx*

warning: Macro expanded in comment on line 476: %{_prefix}

warning: Macro expanded in comment on line 477: %{service_user}, %{service_group}) %{service_homedir}

warning: Macro expanded in comment on line 478: %{service_user}, %{service_group}) %{service_homedir}/venv

warning: Macro expanded in comment on line 479: %{service_homedir}/.tower_version

warning: Macro expanded in comment on line 480: %{service_user}, %{service_group}) %{service_logdir}

Building target platforms: x86_64
Building for target x86_64
setting SOURCE_DATE_EPOCH=1741651200
Wrote: /builddir/build/SRPMS/awx-rpm-30.0.0-42.el9.src.rpm
No matches found for the following disable plugin patterns: local, spacewalk, versionlock
Updating Subscription Management repositories.
Unable to read consumer identity

This system is not registered with an entitlement server. You can use subscription-manager to register.

/opt/awx-rpm-v2/rpmbuilds/30.0.0/RPMS/       [===                                     ] ---  B/s |   0  B     --:-- ETA/opt/awx-rpm-v2/rpmbuilds/30.0.0/RPMS/                                                  3.0 MB/s | 3.0 kB     00:00    
/opt/awx-rpm-v2/rpmbuilds/30.0.0/RPMS/       [===                                     ] ---  B/s |   0  B     --:-- ETA/opt/awx-rpm-v2/rpmbuilds/30.0.0/RPMS/                                                   41 MB/s | 519 kB     00:00    
Red Hat Enterprise Linux - BaseOS            [   ===                                  ] ---  B/s |   0  B     --:-- ETARed Hat Enterprise Linux - BaseOS       100% [========================================]  13 kB/s | 4.1 kB     00:00 ETARed Hat Enterprise Linux - BaseOS                                                        13 kB/s | 4.1 kB     00:00    
Red Hat Enterprise Linux - AppStream         [      ===                               ] ---  B/s |   0  B     --:-- ETARed Hat Enterprise Linux - AppStream                                                     19 kB/s | 4.5 kB     00:00    
Red Hat Enterprise Linux - CodeReady Lin     [         ===                            ] ---  B/s |   0  B     --:-- ETARed Hat Enterprise Linux - CodeReady Linux Builder                                       22 kB/s | 4.5 kB     00:00    
Extra Packages for Enterprise Linux 9 -      [            ===                         ] ---  B/s |   0  B     --:-- ETAExtra Packages for Enterprise Linux 9 - x86_64                                          190 kB/s |  46 kB     00:00    
Dependencies resolved.
Nothing to do.
Complete!
Finish: build setup for awx-rpm-30.0.0-42.el9.src.rpm
Start: Outputting list of installed packages
Finish: Outputting list of installed packages
Start: rpmbuild awx-rpm-30.0.0-42.el9.src.rpm
warning: Macro expanded in comment on line 35: %{version}

warning: Macro expanded in comment on line 36: %{version}

warning: Macro expanded in comment on line 37: %{version}

warning: Macro expanded in comment on line 475: %{python3_pkgversion}/site-packages/awx*

warning: Macro expanded in comment on line 476: %{_prefix}

warning: Macro expanded in comment on line 477: %{service_user}, %{service_group}) %{service_homedir}

warning: Macro expanded in comment on line 478: %{service_user}, %{service_group}) %{service_homedir}/venv

warning: Macro expanded in comment on line 479: %{service_homedir}/.tower_version

warning: Macro expanded in comment on line 480: %{service_user}, %{service_group}) %{service_logdir}

Building target platforms: x86_64
Building for target x86_64
setting SOURCE_DATE_EPOCH=1741651200
Executing(%prep): /bin/sh -e /var/tmp/rpm-tmp.jRw2P5
+ umask 022
+ cd /builddir/build/BUILD
+ RPM_EC=0
++ jobs -p
+ exit 0
Executing(%build): /bin/sh -e /var/tmp/rpm-tmp.mtMBd8
+ umask 022
+ cd /builddir/build/BUILD
+ RPM_EC=0
++ jobs -p
+ exit 0
Executing(%install): /bin/sh -e /var/tmp/rpm-tmp.rNTi4F
+ umask 022
+ cd /builddir/build/BUILD
+ '[' /builddir/build/BUILDROOT/awx-rpm-30.0.0-42.el9.x86_64 '!=' / ']'
+ rm -rf /builddir/build/BUILDROOT/awx-rpm-30.0.0-42.el9.x86_64
++ dirname /builddir/build/BUILDROOT/awx-rpm-30.0.0-42.el9.x86_64
+ mkdir -p /builddir/build/BUILDROOT
+ mkdir /builddir/build/BUILDROOT/awx-rpm-30.0.0-42.el9.x86_64
+ mkdir -p /builddir/build/BUILDROOT/awx-rpm-30.0.0-42.el9.x86_64/var/lib/awx/rsyslog
+ mkdir -p /builddir/build/BUILDROOT/awx-rpm-30.0.0-42.el9.x86_64/var/lib/awx/projects
+ mkdir -p /builddir/build/BUILDROOT/awx-rpm-30.0.0-42.el9.x86_64/var/lib/awx/job_status
+ mkdir -p /builddir/build/BUILDROOT/awx-rpm-30.0.0-42.el9.x86_64/etc/tower
+ cp /builddir/build/SOURCES/settings.py-30.0.0 /builddir/build/BUILDROOT/awx-rpm-30.0.0-42.el9.x86_64/etc/tower/settings.py
+ mkdir -p /builddir/build/BUILDROOT/awx-rpm-30.0.0-42.el9.x86_64/opt/awx-rpm/public
+ mkdir -p /builddir/build/BUILDROOT/awx-rpm-30.0.0-42.el9.x86_64/usr/lib/systemd/system
+ for service in awx-web awx-wsrelay awx-ws-heartbeat awx-daphne awx-dispatcher awx-receiver awx-receptor awx-receptor-hop awx-receptor-worker
+ cp /builddir/build/SOURCES/awx-web.service-30.0.0 /builddir/build/BUILDROOT/awx-rpm-30.0.0-42.el9.x86_64/usr/lib/systemd/system/awx-web.service
+ for service in awx-web awx-wsrelay awx-ws-heartbeat awx-daphne awx-dispatcher awx-receiver awx-receptor awx-receptor-hop awx-receptor-worker
+ cp /builddir/build/SOURCES/awx-wsrelay.service-30.0.0 /builddir/build/BUILDROOT/awx-rpm-30.0.0-42.el9.x86_64/usr/lib/systemd/system/awx-wsrelay.service
+ for service in awx-web awx-wsrelay awx-ws-heartbeat awx-daphne awx-dispatcher awx-receiver awx-receptor awx-receptor-hop awx-receptor-worker
+ cp /builddir/build/SOURCES/awx-ws-heartbeat.service-30.0.0 /builddir/build/BUILDROOT/awx-rpm-30.0.0-42.el9.x86_64/usr/lib/systemd/system/awx-ws-heartbeat.service
+ for service in awx-web awx-wsrelay awx-ws-heartbeat awx-daphne awx-dispatcher awx-receiver awx-receptor awx-receptor-hop awx-receptor-worker
+ cp /builddir/build/SOURCES/awx-daphne.service-30.0.0 /builddir/build/BUILDROOT/awx-rpm-30.0.0-42.el9.x86_64/usr/lib/systemd/system/awx-daphne.service
+ for service in awx-web awx-wsrelay awx-ws-heartbeat awx-daphne awx-dispatcher awx-receiver awx-receptor awx-receptor-hop awx-receptor-worker
+ cp /builddir/build/SOURCES/awx-dispatcher.service-30.0.0 /builddir/build/BUILDROOT/awx-rpm-30.0.0-42.el9.x86_64/usr/lib/systemd/system/awx-dispatcher.service
+ for service in awx-web awx-wsrelay awx-ws-heartbeat awx-daphne awx-dispatcher awx-receiver awx-receptor awx-receptor-hop awx-receptor-worker
+ cp /builddir/build/SOURCES/awx-receiver.service-30.0.0 /builddir/build/BUILDROOT/awx-rpm-30.0.0-42.el9.x86_64/usr/lib/systemd/system/awx-receiver.service
+ for service in awx-web awx-wsrelay awx-ws-heartbeat awx-daphne awx-dispatcher awx-receiver awx-receptor awx-receptor-hop awx-receptor-worker
+ cp /builddir/build/SOURCES/awx-receptor.service-30.0.0 /builddir/build/BUILDROOT/awx-rpm-30.0.0-42.el9.x86_64/usr/lib/systemd/system/awx-receptor.service
+ for service in awx-web awx-wsrelay awx-ws-heartbeat awx-daphne awx-dispatcher awx-receiver awx-receptor awx-receptor-hop awx-receptor-worker
+ cp /builddir/build/SOURCES/awx-receptor-hop.service-30.0.0 /builddir/build/BUILDROOT/awx-rpm-30.0.0-42.el9.x86_64/usr/lib/systemd/system/awx-receptor-hop.service
+ for service in awx-web awx-wsrelay awx-ws-heartbeat awx-daphne awx-dispatcher awx-receiver awx-receptor awx-receptor-hop awx-receptor-worker
+ cp /builddir/build/SOURCES/awx-receptor-worker.service-30.0.0 /builddir/build/BUILDROOT/awx-rpm-30.0.0-42.el9.x86_64/usr/lib/systemd/system/awx-receptor-worker.service
+ cp /builddir/build/SOURCES/awx.target-30.0.0 /builddir/build/BUILDROOT/awx-rpm-30.0.0-42.el9.x86_64/usr/lib/systemd/system/awx.target
+ mkdir -p /builddir/build/BUILDROOT/awx-rpm-30.0.0-42.el9.x86_64/etc/receptor
+ for receptor in receptor receptor-hop receptor-worker
+ cp /builddir/build/SOURCES/receptor.conf-30.0.0 /builddir/build/BUILDROOT/awx-rpm-30.0.0-42.el9.x86_64/etc/receptor/receptor.conf
+ for receptor in receptor receptor-hop receptor-worker
+ cp /builddir/build/SOURCES/receptor-hop.conf-30.0.0 /builddir/build/BUILDROOT/awx-rpm-30.0.0-42.el9.x86_64/etc/receptor/receptor-hop.conf
+ for receptor in receptor receptor-hop receptor-worker
+ cp /builddir/build/SOURCES/receptor-worker.conf-30.0.0 /builddir/build/BUILDROOT/awx-rpm-30.0.0-42.el9.x86_64/etc/receptor/receptor-worker.conf
+ mkdir -p /builddir/build/BUILDROOT/awx-rpm-30.0.0-42.el9.x86_64/etc/nginx/conf.d
+ cp /builddir/build/SOURCES/awx-rpm-nginx.conf-30.0.0 /builddir/build/BUILDROOT/awx-rpm-30.0.0-42.el9.x86_64/etc/nginx/conf.d/awx-rpm.conf
+ mkdir -p /builddir/build/BUILDROOT/awx-rpm-30.0.0-42.el9.x86_64/var/lib/tower/venv
+ mkdir -p /builddir/build/BUILDROOT/awx-rpm-30.0.0-42.el9.x86_64/etc/nginx/conf.d/
+ /usr/lib/rpm/check-buildroot
Processing files: awx-rpm-30.0.0-42.el9.x86_64
Provides: awx-rpm = 30.0.0-42.el9 awx-rpm(x86-64) = 30.0.0-42.el9
Requires(interp): /bin/sh /bin/sh /bin/sh /bin/sh
Requires(rpmlib): rpmlib(CompressedFileNames) <= 3.0.4-1 rpmlib(FileDigests) <= 4.6.0-1 rpmlib(PayloadFilesHavePrefix) <= 4.0-1
Requires(pre): /bin/sh
Requires(post): /bin/sh
Requires(preun): /bin/sh
Requires(postun): /bin/sh
Checking for unpackaged file(s): /usr/lib/rpm/check-files /builddir/build/BUILDROOT/awx-rpm-30.0.0-42.el9.x86_64
Wrote: /builddir/build/RPMS/awx-rpm-30.0.0-42.el9.x86_64.rpm
Finish: rpmbuild awx-rpm-30.0.0-42.el9.src.rpm
Finish: build phase for awx-rpm-30.0.0-42.el9.src.rpm
INFO: Done(/opt/awx-rpm-v2/rpmbuilds/30.0.0/SRPMS/awx-rpm-30.0.0-42.el9.src.rpm) Config(epel-9-x86_64) 0 minutes 5 seconds
INFO: Results and/or logs in: /opt/awx-rpm-v2/rpmbuilds/30.0.0/RPMS-TMP/
Finish: run
Directory walk started
Directory walk done - 446 packages
Temporary output repo path: /opt/awx-rpm-v2/rpmbuilds/30.0.0/RPMS/.repodata/
Preparing sqlite DBs
Pool started (with 5 workers)
Pool finished
