INFO: mock.py version 5.5 starting (python version = 3.9.21, NVR = mock-5.5-1.el9), args: /usr/libexec/mock/mock -r epel-9-x86_64 --enable-network --addrepo /opt/awx-rpm-ng/rpmbuilds/30.0.0/RPMS/ --resultdir /opt/awx-rpm-ng/rpmbuilds/30.0.0/RPMS-TMP/ --no-clean /opt/awx-rpm-ng/rpmbuilds/30.0.0/SRPMS/python-hatch-1.14.0-1.el9.src.rpm --rpmbuild-opts=--nocheck --no-cleanup-after
Start(bootstrap): init plugins
INFO: selinux enabled
Finish(bootstrap): init plugins
Start: init plugins
INFO: selinux enabled
Finish: init plugins
INFO: Signal handler active
Start: run
INFO: Start(/opt/awx-rpm-ng/rpmbuilds/30.0.0/SRPMS/python-hatch-1.14.0-1.el9.src.rpm)  Config(rhel+epel-9-x86_64)
Mock Version: 5.5
INFO: Mock Version: 5.5
Start(bootstrap): chroot init
INFO: calling preinit hooks
INFO: enabled root cache
INFO: enabled package manager cache
Start(bootstrap): cleaning package manager metadata
Finish(bootstrap): cleaning package manager metadata
INFO: Package manager dnf detected and used (fallback)
Finish(bootstrap): chroot init
Start: chroot init
INFO: calling preinit hooks
INFO: enabled root cache
Start: unpacking root cache
Finish: unpacking root cache
INFO: enabled package manager cache
Start: cleaning package manager metadata
Finish: cleaning package manager metadata
INFO: enabled HW Info plugin
INFO: Package manager dnf detected and used (direct choice)
INFO: Buildroot is handled by package management downloaded with a bootstrap image:
  rpm-4.16.1.3-34.el9.x86_64
  python3-dnf-4.14.0-17.el9.noarch
  python3-dnf-plugins-core-4.3.0-16.el9.noarch
  yum-4.14.0-17.el9.noarch
Finish: chroot init
Start: build phase for python-hatch-1.14.0-1.el9.src.rpm
Start: build setup for python-hatch-1.14.0-1.el9.src.rpm
Building target platforms: x86_64
Building for target x86_64
setting SOURCE_DATE_EPOCH=1740355200
Wrote: /builddir/build/SRPMS/python-hatch-1.14.0-1.el9.src.rpm
No matches found for the following disable plugin patterns: local, spacewalk, versionlock
Updating Subscription Management repositories.
Unable to read consumer identity

This system is not registered with an entitlement server. You can use subscription-manager to register.

/opt/awx-rpm-ng/rpmbuilds/30.0.0/RPMS/                                [===                                                              ] ---  B/s |   0  B     --:-- ETA/opt/awx-rpm-ng/rpmbuilds/30.0.0/RPMS/                                                                                                    2.9 MB/s | 3.0 kB     00:00    
/opt/awx-rpm-ng/rpmbuilds/30.0.0/RPMS/                                [===                                                              ] ---  B/s |   0  B     --:-- ETA/opt/awx-rpm-ng/rpmbuilds/30.0.0/RPMS/                                                                                                    5.0 MB/s | 331 kB     00:00    
Red Hat Enterprise Linux - BaseOS                                     [   ===                                                           ] ---  B/s |   0  B     --:-- ETARed Hat Enterprise Linux - BaseOS                                100% [=================================================================]  13 kB/s | 4.1 kB     00:00 ETARed Hat Enterprise Linux - BaseOS                                                                                                          13 kB/s | 4.1 kB     00:00    
Red Hat Enterprise Linux - AppStream                                  [      ===                                                        ] ---  B/s |   0  B     --:-- ETARed Hat Enterprise Linux - AppStream                                                                                                       19 kB/s | 4.5 kB     00:00    
