INFO: mock.py version 5.5 starting (python version = 3.9.21, NVR = mock-5.5-1.el9), args: /usr/libexec/mock/mock -r epel-9-x86_64 --enable-network --addrepo /opt/awx-rpm-v2/rpmbuilds/30.0.0/RPMS/ --resultdir /opt/awx-rpm-v2/rpmbuilds/30.0.0/RPMS-TMP/ --no-clean /opt/awx-rpm-v2/rpmbuilds/30.0.0/SRPMS/python-social-auth-core-4.4.1-1.el9.src.rpm --rpmbuild-opts=--nocheck --no-cleanup-after
Start(bootstrap): init plugins
INFO: selinux enabled
Finish(bootstrap): init plugins
Start: init plugins
INFO: selinux enabled
Finish: init plugins
INFO: Signal handler active
Start: run
INFO: Start(/opt/awx-rpm-v2/rpmbuilds/30.0.0/SRPMS/python-social-auth-core-4.4.1-1.el9.src.rpm)  Config(rhel+epel-9-x86_64)
Mock Version: 5.5
INFO: Mock Version: 5.5
Start(bootstrap): chroot init
INFO: calling preinit hooks
INFO: enabled root cache
INFO: enabled package manager cache
Start(bootstrap): cleaning package manager metadata
Finish(bootstrap): cleaning package manager metadata
INFO: Package manager dnf detected and used (fallback)
Finish(bootstrap): chroot init
Start: chroot init
INFO: calling preinit hooks
INFO: enabled root cache
INFO: enabled package manager cache
Start: cleaning package manager metadata
Finish: cleaning package manager metadata
INFO: enabled HW Info plugin
INFO: Package manager dnf detected and used (direct choice)
INFO: Buildroot is handled by package management downloaded with a bootstrap image:
  rpm-4.16.1.3-34.el9.x86_64
  python3-dnf-4.14.0-17.el9.noarch
  python3-dnf-plugins-core-4.3.0-16.el9.noarch
  yum-4.14.0-17.el9.noarch
Finish: chroot init
Start: build phase for python-social-auth-core-4.4.1-1.el9.src.rpm
Start: build setup for python-social-auth-core-4.4.1-1.el9.src.rpm
Building target platforms: x86_64
Building for target x86_64
setting SOURCE_DATE_EPOCH=1741564800
Wrote: /builddir/build/SRPMS/python-social-auth-core-4.4.1-1.el9.src.rpm
No matches found for the following disable plugin patterns: local, spacewalk, versionlock
Updating Subscription Management repositories.
Unable to read consumer identity

This system is not registered with an entitlement server. You can use subscription-manager to register.

/opt/awx-rpm-v2/rpmbuilds/30.0.0/RPMS/       [===                                     ] ---  B/s |   0  B     --:-- ETA/opt/awx-rpm-v2/rpmbuilds/30.0.0/RPMS/                                                  3.0 MB/s | 3.0 kB     00:00    
/opt/awx-rpm-v2/rpmbuilds/30.0.0/RPMS/       [===                                     ] ---  B/s |   0  B     --:-- ETA/opt/awx-rpm-v2/rpmbuilds/30.0.0/RPMS/                                                   51 MB/s | 490 kB     00:00    
Red Hat Enterprise Linux - BaseOS            [   ===                                  ] ---  B/s |   0  B     --:-- ETARed Hat Enterprise Linux - BaseOS            [      ===                               ] ---  B/s |   0  B     --:-- ETARed Hat Enterprise Linux - BaseOS                                                        11 kB/s | 4.1 kB     00:00    
Red Hat Enterprise Linux - AppStream         [         ===                            ] ---  B/s |   0  B     --:-- ETARed Hat Enterprise Linux - AppStream                                                     17 kB/s | 4.5 kB     00:00    
Red Hat Enterprise Linux - CodeReady Lin     [            ===                         ] ---  B/s |   0  B     --:-- ETARed Hat Enterprise Linux - CodeReady Linux Builder                                       20 kB/s | 4.5 kB     00:00    
Extra Packages for Enterprise Linux 9 -      [               ===                      ] ---  B/s |   0  B     --:-- ETAExtra Packages for Enterprise Linux 9 - x86_64                                          430 kB/s |  46 kB     00:00    
Package python3.11-devel-3.11.9-7.el9_5.2.x86_64 is already installed.
Dependencies resolved.
Nothing to do.
Complete!
Finish: build setup for python-social-auth-core-4.4.1-1.el9.src.rpm
Start: Outputting list of installed packages
Finish: Outputting list of installed packages
Start: rpmbuild python-social-auth-core-4.4.1-1.el9.src.rpm
Building target platforms: x86_64
Building for target x86_64
setting SOURCE_DATE_EPOCH=1741564800
Executing(%prep): /bin/sh -e /var/tmp/rpm-tmp.DpjKRx
+ umask 022
+ cd /builddir/build/BUILD
+ cd /builddir/build/BUILD
+ rm -rf social-auth-core-4.4.1
+ /usr/bin/gzip -dc /builddir/build/SOURCES/social-auth-core-4.4.1.tar.gz
+ /usr/bin/tar -xof -
+ STATUS=0
+ '[' 0 -ne 0 ']'
+ cd social-auth-core-4.4.1
+ /usr/bin/chmod -Rf a+rX,u+w,g-w,o-w .
+ RPM_EC=0
++ jobs -p
+ exit 0
Executing(%generate_buildrequires): /bin/sh -e /var/tmp/rpm-tmp.xdDbok
+ umask 022
+ cd /builddir/build/BUILD
+ cd social-auth-core-4.4.1
+ echo pyproject-rpm-macros
+ echo python3.11-devel
+ echo 'python3.11dist(pip) >= 19'
+ echo 'python3.11dist(packaging)'
+ '[' -f pyproject.toml ']'
+ '[' -f setup.py ']'
+ echo 'python3.11dist(setuptools) >= 40.8'
+ echo 'python3.11dist(wheel)'
+ rm -rfv '*.dist-info/'
+ '[' -f /usr/bin/python3.11 ']'
+ mkdir -p /builddir/build/BUILD/social-auth-core-4.4.1/.pyproject-builddir-3.11
+ echo -n
+ CFLAGS='-O2 -flto=auto -ffat-lto-objects -fexceptions -g -grecord-gcc-switches -pipe -Wall -Werror=format-security -Wp,-D_FORTIFY_SOURCE=2 -Wp,-D_GLIBCXX_ASSERTIONS -specs=/usr/lib/rpm/redhat/redhat-hardened-cc1 -fstack-protector-strong -specs=/usr/lib/rpm/redhat/redhat-annobin-cc1  -m64 -march=x86-64-v2 -mtune=generic -fasynchronous-unwind-tables -fstack-clash-protection -fcf-protection'
+ LDFLAGS='-Wl,-z,relro -Wl,--as-needed  -Wl,-z,now -specs=/usr/lib/rpm/redhat/redhat-hardened-ld -specs=/usr/lib/rpm/redhat/redhat-annobin-cc1 '
+ TMPDIR=/builddir/build/BUILD/social-auth-core-4.4.1/.pyproject-builddir-3.11
+ RPM_TOXENV=py311
+ HOSTNAME=rpmbuild
+ /usr/bin/python3.11 -Bs /usr/lib/rpm/redhat/pyproject_buildrequires.py --generate-extras --python3_pkgversion 3.11 --wheeldir /builddir/build/BUILD/social-auth-core-4.4.1/pyproject-wheeldir-3.11 --output /builddir/build/BUILD/python-social-auth-core-4.4.1-1.el9.x86_64-3.11-pyproject-buildrequires -x all,allpy3,azuread,openidconnect,saml
Handling setuptools >= 40.8 from default build backend
Requirement satisfied: setuptools >= 40.8
   (installed: setuptools 75.8.0)
Handling wheel from default build backend
Requirement satisfied: wheel
   (installed: wheel 0.45.1)
/usr/lib/python3.11/site-packages/setuptools/_distutils/dist.py:270: UserWarning: Unknown distribution option: 'tests_require'
  warnings.warn(msg)
/usr/lib/python3.11/site-packages/setuptools/_distutils/dist.py:270: UserWarning: Unknown distribution option: 'test_suite'
  warnings.warn(msg)
running egg_info
writing social_auth_core.egg-info/PKG-INFO
writing dependency_links to social_auth_core.egg-info/dependency_links.txt
writing requirements to social_auth_core.egg-info/requires.txt
writing top-level names to social_auth_core.egg-info/top_level.txt
reading manifest file 'social_auth_core.egg-info/SOURCES.txt'
reading manifest template 'MANIFEST.in'
warning: no directories found matching 'examples'
warning: no previously-included files matching '*' found under directory '.tox'
warning: no previously-included files matching '*.pyc' found under directory 'social_core'
adding license file 'LICENSE'
writing manifest file 'social_auth_core.egg-info/SOURCES.txt'
/usr/lib/python3.11/site-packages/setuptools/_distutils/dist.py:270: UserWarning: Unknown distribution option: 'tests_require'
  warnings.warn(msg)
/usr/lib/python3.11/site-packages/setuptools/_distutils/dist.py:270: UserWarning: Unknown distribution option: 'test_suite'
  warnings.warn(msg)
running dist_info
writing social_auth_core.egg-info/PKG-INFO
writing dependency_links to social_auth_core.egg-info/dependency_links.txt
writing requirements to social_auth_core.egg-info/requires.txt
writing top-level names to social_auth_core.egg-info/top_level.txt
reading manifest file 'social_auth_core.egg-info/SOURCES.txt'
reading manifest template 'MANIFEST.in'
warning: no directories found matching 'examples'
warning: no previously-included files matching '*' found under directory '.tox'
warning: no previously-included files matching '*.pyc' found under directory 'social_core'
adding license file 'LICENSE'
writing manifest file 'social_auth_core.egg-info/SOURCES.txt'
creating '/builddir/build/BUILD/social-auth-core-4.4.1/social_auth_core-4.4.1.dist-info'
Handling requests>=2.9.1 from hook generated metadata: Requires-Dist (social-auth-core)
Requirement not satisfied: requests>=2.9.1
Handling oauthlib>=1.0.3 from hook generated metadata: Requires-Dist (social-auth-core)
Requirement not satisfied: oauthlib>=1.0.3
Handling requests-oauthlib>=0.6.1 from hook generated metadata: Requires-Dist (social-auth-core)
Requirement not satisfied: requests-oauthlib>=0.6.1
Handling PyJWT>=2.0.0 from hook generated metadata: Requires-Dist (social-auth-core)
Requirement not satisfied: PyJWT>=2.0.0
Handling cryptography>=1.4 from hook generated metadata: Requires-Dist (social-auth-core)
Requirement not satisfied: cryptography>=1.4
Handling defusedxml>=0.5.0rc1 from hook generated metadata: Requires-Dist (social-auth-core)
Requirement not satisfied: defusedxml>=0.5.0rc1
Handling python3-openid>=3.0.10 from hook generated metadata: Requires-Dist (social-auth-core)
Requirement not satisfied: python3-openid>=3.0.10
Handling python-jose>=3.0.0; extra == "openidconnect" from hook generated metadata: Requires-Dist (social-auth-core)
Requirement not satisfied: python-jose>=3.0.0; extra == "openidconnect"
Handling python3-saml>=1.5.0; extra == "saml" from hook generated metadata: Requires-Dist (social-auth-core)
Requirement not satisfied: python3-saml>=1.5.0; extra == "saml"
Handling cryptography>=2.1.1; extra == "azuread" from hook generated metadata: Requires-Dist (social-auth-core)
Requirement not satisfied: cryptography>=2.1.1; extra == "azuread"
Handling python-jose>=3.0.0; extra == "all" from hook generated metadata: Requires-Dist (social-auth-core)
Requirement not satisfied: python-jose>=3.0.0; extra == "all"
Handling python3-saml>=1.5.0; extra == "all" from hook generated metadata: Requires-Dist (social-auth-core)
Requirement not satisfied: python3-saml>=1.5.0; extra == "all"
Handling cryptography>=2.1.1; extra == "all" from hook generated metadata: Requires-Dist (social-auth-core)
Requirement not satisfied: cryptography>=2.1.1; extra == "all"
Handling python-jose>=3.0.0; extra == "allpy3" from hook generated metadata: Requires-Dist (social-auth-core)
Requirement not satisfied: python-jose>=3.0.0; extra == "allpy3"
Handling python3-saml>=1.5.0; extra == "allpy3" from hook generated metadata: Requires-Dist (social-auth-core)
Requirement not satisfied: python3-saml>=1.5.0; extra == "allpy3"
Handling cryptography>=2.1.1; extra == "allpy3" from hook generated metadata: Requires-Dist (social-auth-core)
Requirement not satisfied: cryptography>=2.1.1; extra == "allpy3"
+ cat /builddir/build/BUILD/python-social-auth-core-4.4.1-1.el9.x86_64-3.11-pyproject-buildrequires
+ rm -rfv social_auth_core-4.4.1.dist-info/
removed 'social_auth_core-4.4.1.dist-info/top_level.txt'
removed 'social_auth_core-4.4.1.dist-info/METADATA'
removed 'social_auth_core-4.4.1.dist-info/LICENSE'
removed directory 'social_auth_core-4.4.1.dist-info/'
+ RPM_EC=0
++ jobs -p
+ exit 0
Wrote: /builddir/build/SRPMS/python-social-auth-core-4.4.1-1.el9.buildreqs.nosrc.rpm
INFO: Going to install missing dynamic buildrequires
No matches found for the following disable plugin patterns: local, spacewalk, versionlock
Updating Subscription Management repositories.
Unable to read consumer identity

This system is not registered with an entitlement server. You can use subscription-manager to register.

/opt/awx-rpm-v2/rpmbuilds/30.0.0/RPMS/       [===                                     ] ---  B/s |   0  B     --:-- ETA/opt/awx-rpm-v2/rpmbuilds/30.0.0/RPMS/                                                  3.0 MB/s | 3.0 kB     00:00    
Red Hat Enterprise Linux - BaseOS            [===                                     ] ---  B/s |   0  B     --:-- ETARed Hat Enterprise Linux - BaseOS       100% [========================================]  11 kB/s | 4.1 kB     00:00 ETARed Hat Enterprise Linux - BaseOS                                                        11 kB/s | 4.1 kB     00:00    
Red Hat Enterprise Linux - AppStream         [   ===                                  ] ---  B/s |   0  B     --:-- ETARed Hat Enterprise Linux - AppStream                                                     19 kB/s | 4.5 kB     00:00    
Red Hat Enterprise Linux - CodeReady Lin     [      ===                               ] ---  B/s |   0  B     --:-- ETARed Hat Enterprise Linux - CodeReady Linux Builder                                       19 kB/s | 4.5 kB     00:00    
Extra Packages for Enterprise Linux 9 -      [         ===                            ] ---  B/s |   0  B     --:-- ETAExtra Packages for Enterprise Linux 9 - x86_64                                          424 kB/s |  46 kB     00:00    
Package pyproject-rpm-macros-1.12.0-1.el9.noarch is already installed.
Package python3.11-devel-3.11.9-7.el9_5.2.x86_64 is already installed.
Package python3.11-devel-3.11.9-7.el9_5.2.x86_64 is already installed.
Package python3.11-packaging-24.2-1.el9.noarch is already installed.
Package python3.11-pip-22.3.1-5.el9.noarch is already installed.
No matching package to install: 'python3.11dist(python-jose) >= 3'
Package python3.11-setuptools-75.8.0-1.el9.noarch is already installed.
Package python3.11-wheel-0.45.1-1.el9.noarch is already installed.
Not all dependencies satisfied
Error: Some packages could not be found.
Finish: rpmbuild python-social-auth-core-4.4.1-1.el9.src.rpm
Finish: build phase for python-social-auth-core-4.4.1-1.el9.src.rpm
ERROR: Exception(/opt/awx-rpm-v2/rpmbuilds/30.0.0/SRPMS/python-social-auth-core-4.4.1-1.el9.src.rpm) Config(rhel+epel-9-x86_64) 0 minutes 7 seconds
INFO: Results and/or logs in: /opt/awx-rpm-v2/rpmbuilds/30.0.0/RPMS-TMP/
ERROR: Command failed: 
 # /usr/bin/systemd-nspawn -q -M 145ea512cab247acad5de6c6a29b1aaa -D /var/lib/mock/rhel+epel-9-x86_64-bootstrap/root -a --capability=cap_ipc_lock --bind=/tmp/mock-resolv.67zak0du:/etc/resolv.conf --console=pipe --setenv=TERM=vt100 --setenv=SHELL=/bin/bash --setenv=HOME=/var/lib/mock/rhel+epel-9-x86_64/root/installation-homedir --setenv=HOSTNAME=mock --setenv=PATH=/usr/bin:/bin:/usr/sbin:/sbin '--setenv=PROMPT_COMMAND=printf "\033]0;<mock-chroot>\007"' '--setenv=PS1=<mock-chroot> \s-\v\$ ' --setenv=LANG=C.UTF-8 --setenv=LC_MESSAGES=C.UTF-8 --resolv-conf=off /usr/bin/dnf-3 builddep --installroot /var/lib/mock/rhel+epel-9-x86_64/root/ --releasever 9 --setopt=deltarpm=False --setopt=allow_vendor_change=yes --allowerasing --disableplugin=local --disableplugin=spacewalk --disableplugin=versionlock /var/lib/mock/rhel+epel-9-x86_64/root/builddir/build/SRPMS/python-social-auth-core-4.4.1-1.el9.buildreqs.nosrc.rpm --setopt=tsflags=nocontexts
No matches found for the following disable plugin patterns: local, spacewalk, versionlock
Updating Subscription Management repositories.
Unable to read consumer identity

This system is not registered with an entitlement server. You can use subscription-manager to register.

/opt/awx-rpm-v2/rpmbuilds/30.0.0/RPMS/                                                  3.0 MB/s | 3.0 kB     00:00    
Red Hat Enterprise Linux - BaseOS                                                        11 kB/s | 4.1 kB     00:00    
Red Hat Enterprise Linux - AppStream                                                     19 kB/s | 4.5 kB     00:00    
Red Hat Enterprise Linux - CodeReady Linux Builder                                       19 kB/s | 4.5 kB     00:00    
Extra Packages for Enterprise Linux 9 - x86_64                                          424 kB/s |  46 kB     00:00    
Package pyproject-rpm-macros-1.12.0-1.el9.noarch is already installed.
Package python3.11-devel-3.11.9-7.el9_5.2.x86_64 is already installed.
Package python3.11-devel-3.11.9-7.el9_5.2.x86_64 is already installed.
Package python3.11-packaging-24.2-1.el9.noarch is already installed.
Package python3.11-pip-22.3.1-5.el9.noarch is already installed.
No matching package to install: 'python3.11dist(python-jose) >= 3'
Package python3.11-setuptools-75.8.0-1.el9.noarch is already installed.
Package python3.11-wheel-0.45.1-1.el9.noarch is already installed.
Not all dependencies satisfied
Error: Some packages could not be found.

Directory walk started
Directory walk done - 403 packages
Temporary output repo path: /opt/awx-rpm-v2/rpmbuilds/30.0.0/RPMS/.repodata/
Preparing sqlite DBs
Pool started (with 5 workers)
Pool finished
